approval_agy_artifact_review.txt status=done type=approval verb=review options=0
approval_agy_file_access.txt status=done type=approval verb=access options=3
approval_agy_file_create.txt status=done type=approval verb=create options=3
approval_agy_shell.txt status=done type=approval verb=run options=4
approval_agy_shell_amend.txt status=done type=unclassifiable verb= options=0
approval_agy_shell_plan_mode.txt status=done type=approval verb=run options=4
approval_agy_shell_recent.txt status=done type=approval verb=run options=4
approval_agy_shell_wide.txt status=done type=approval verb=run options=4
approval_agy_shell_wrapped.txt status=done type=approval verb=run options=4
approval_agy_trust_folder.txt status=idle type=approval verb=trust options=2
approval_claude_plan.txt status=blocked type=approval verb=proceed options=4
approval_claude_remote_env.txt status=idle type=approval verb=select options=4
approval_codex_plan.txt status=idle type=approval verb=implement options=3
approval_permission.txt status=blocked type=approval verb=proceed options=3
approval_yn.txt status=blocked type=approval verb= options=0
choice_agy_mcq.txt status=done type=choice verb= options=3
choice_agy_mcq_two.txt status=done type=choice verb= options=3
choice_agy_mcq_two_q2.txt status=done type=choice verb= options=2
choice_agy_mcq_two_recent.txt status=done type=choice verb= options=3
choice_claude_mcq.txt status=blocked type=choice verb= options=5
choice_claude_mcq_tabs.txt status=blocked type=choice verb= options=5
choice_claude_mcq_tabs_one_question.txt status=blocked type=choice verb= options=6
choice_claude_mcq_tabs_v2.txt status=blocked type=choice verb= options=3
choice_codex_mcq.txt status=blocked type=choice verb= options=3
choice_library.txt status=blocked type=choice verb= options=3
codex_idle.txt status=idle type=idle verb= options=0
error_agy_interrupted.txt status=done type=error verb= options=0
error_agy_model_warning.txt status=idle type=idle verb= options=0
error_agy_offline.txt status=idle type=error verb= options=0
error_build.txt status=blocked type=unclassifiable verb= options=0
error_claude_api_overloaded.txt status=blocked type=error verb= options=0
error_claude_api_retry.txt status=blocked type=error verb= options=0
error_claude_api_server_error.txt status=blocked type=error verb= options=0
error_claude_interrupted.txt status=blocked type=error verb= options=0
error_claude_limit.txt status=blocked type=error verb= options=0
error_claude_model_limit.txt status=blocked type=error verb= options=0
error_codex_banner.txt status=idle type=error verb= options=0
error_codex_interrupted.txt status=blocked type=error verb= options=0
error_codex_rate_limit.txt status=idle type=error verb= options=3
error_codex_usage_limit.txt status=idle type=error verb= options=0
idle_agy_after_turn.txt status=done type=idle verb= options=0
idle_agy_background_task.txt status=done type=idle verb= options=0
idle_agy_composer_draft.txt status=done type=idle verb= options=0
idle_agy_declined.txt status=done type=idle verb= options=0
idle_agy_effort_picker.txt status=idle type=unclassifiable verb= options=0
idle_agy_fresh.txt status=idle type=idle verb= options=0
idle_agy_mode_accept_edits.txt status=idle type=idle verb= options=0
idle_agy_mode_plan.txt status=idle type=idle verb= options=0
idle_agy_model_picker.txt status=idle type=unclassifiable verb= options=0
idle_agy_shortcuts_overlay.txt status=idle type=unclassifiable verb= options=0
idle_agy_signin_method.txt status=idle type=unclassifiable verb= options=0
idle_agy_signin_url.txt status=idle type=unclassifiable verb= options=0
idle_agy_slash_popup.txt status=idle type=unclassifiable verb= options=0
idle_agy_terms.txt status=idle type=unclassifiable verb= options=0
idle_claude_chrome.txt status=idle type=idle verb= options=0
idle_finished.txt status=idle type=idle verb= options=0
unclassifiable_blocked.txt status=blocked type=unclassifiable verb= options=0
working_agy_spinner.txt status=working type=unclassifiable verb= options=0
